[2026-02-28 18:02:11] Starting deployment to 02282026 for State1 (ST1)...
[2026-02-28 18:02:11] Is this correct? Press <Ctrl+C> if not
[2026-02-28 18:02:14] === INITIALIZING AZURE ENVIRONMENT ===
[2026-02-28 18:02:14] [INFO] Connecting to Azure US Government...
[2026-02-28 18:02:19] [SUCCESS] Connected to Azure US Government
[2026-02-28 18:02:19] [SUCCESS] Az.RecoveryServices module is already installed
[2026-02-28 18:02:20] [SUCCESS] Az.RecoveryServices module loaded
[2026-02-28 18:02:20] === AZURE ENVIRONMENT READY ===

[2026-02-28 18:02:21] Disabling AMS-ST1-STAGING-UptimeAlert...
[2026-02-28 18:02:23] [INFO] Uptime alert disabled
[2026-02-28 18:02:24] Disabling AMS-ST1-STAGING-TasksAlert...
[2026-02-28 18:02:26] [INFO] Uptime alert disabled

[2026-02-28 18:02:27] Stopping AmsTasksService...
[2026-02-28 18:02:27] [INFO] Attempting to stop service: AmsTasksService
[2026-02-28 18:02:42] [WARNING] Service AmsTasksService did not stop within timeout period
[2026-02-28 18:02:42] [INFO] Attempting to find and kill process by PID...
[2026-02-28 18:02:43] [INFO] Found process PID: 7842
[2026-02-28 18:02:43] [SUCCESS] Process 7842 killed successfully
[2026-02-28 18:02:44] [SUCCESS] AmsTasksService stopped

[2026-02-28 18:02:45] Stopping Default Web Site...
[2026-02-28 18:02:46] [SUCCESS] Default Web Site stopped

[2026-02-28 18:02:47] === TAKING WEBSITES OFFLINE ===
[2026-02-28 18:02:47] [INFO] Using app_offline.htm from: C:\Deployments\app_offline.htm
[2026-02-28 18:02:47] [INFO] Taking 6 websites offline...
[2026-02-28 18:02:47] [SUCCESS] Taken offline: AMS-ST1-State (State)
[2026-02-28 18:02:47] [SUCCESS] Taken offline: AMS-ST1-Public (Public)
[2026-02-28 18:02:48] [SUCCESS] Taken offline: AMS-ST1-Agency (Agency)
[2026-02-28 18:02:48] [SUCCESS] Taken offline: AMS-ST1-Api (Api)
[2026-02-28 18:02:48] [SUCCESS] Taken offline: AMS-ST1-Applicant (Applicant)
[2026-02-28 18:02:48] [SUCCESS] Taken offline: AMS-ST1-Host (Host)
[2026-02-28 18:02:48] [SUMMARY] 6 websites taken offline, 0 failures
[2026-02-28 18:02:48] === OFFLINE OPERATION COMPLETE ===

[2026-02-28 18:02:49] About to backup databases and code in parallel...
[2026-02-28 18:02:49] Starting AMS Database Backups
[2026-02-28 18:02:49] Setting Azure context...
[2026-02-28 18:02:51] Connecting to vault: AMS-ST1-STAGING-Vault
[2026-02-28 18:02:53] Getting backup items...
[2026-02-28 18:02:55] Filtering for AMS databases...
[2026-02-28 18:02:55] Found 3 AMS databases
[2026-02-28 18:02:55] Starting backup for: AMS_ST1_STAGING
[2026-02-28 18:02:57] Backup started for AMS_ST1_STAGING (Job ID: a1b2c3d4-1111-2222-3333-aabbccdd0001)
[2026-02-28 18:02:57] Starting backup for: AMS_ST1_Registry_STAGING
[2026-02-28 18:02:58] Backup started for AMS_ST1_Registry_STAGING (Job ID: a1b2c3d4-1111-2222-3333-aabbccdd0002)
[2026-02-28 18:02:58] Starting backup for: AMS_ST1_Logging_STAGING
[2026-02-28 18:02:59] Backup started for AMS_ST1_Logging_STAGING (Job ID: a1b2c3d4-1111-2222-3333-aabbccdd0003)
[2026-02-28 18:02:59] All database backup jobs started. Returning 3 job IDs.
[2026-02-28 18:02:59] [INFO] Starting code backup...
[2026-02-28 18:03:01] [INFO] Backing up AMS-ST1-State to C:\Backups\ST1\AMS-ST1-State_Pre20260228
[2026-02-28 18:03:08] [INFO] Backing up AMS-ST1-Public to C:\Backups\ST1\AMS-ST1-Public_Pre20260228
[2026-02-28 18:03:14] [INFO] Backing up AMS-ST1-Agency to C:\Backups\ST1\AMS-ST1-Agency_Pre20260228
[2026-02-28 18:03:19] [INFO] Backing up AMS-ST1-Api to C:\Backups\ST1\AMS-ST1-Api_Pre20260228
[2026-02-28 18:03:24] [INFO] Backing up AMS-ST1-Host to C:\Backups\ST1\AMS-ST1-Host_Pre20260228
[2026-02-28 18:03:31] [SUCCESS] Code backup completed in 0.5 minutes
[2026-02-28 18:03:31] [INFO] Waiting for database backup job to complete...
[2026-02-28 18:04:02] Backup status: 1 completed, 2 running, 0 failed (Total: 3)
[2026-02-28 18:04:32] Backup status: 3 completed, 0 running, 0 failed (Total: 3)
[2026-02-28 18:04:32] [SUCCESS] Database backup job completed successfully
[2026-02-28 18:04:32] [SUCCESS] All database backup jobs completed successfully

[2026-02-28 18:04:33] Starting SSRS upload in background...
[2026-02-28 18:04:33] SSRS upload started. Deployment continuing...

[2026-02-28 18:04:34] === STARTING PARALLEL DEPLOYMENT ===
[2026-02-28 18:04:34] [INFO] Started 3 deployment threads for 7 items
[2026-02-28 18:04:34] [18:04:34.112-T1 INFO] Starting deployment of AMS-ST1-State (State)
[2026-02-28 18:04:34] [18:04:34.114-T2 INFO] Starting deployment of AMS-ST1-Public (Public)
[2026-02-28 18:04:34] [18:04:34.115-T3 INFO] Starting deployment of AMS-ST1-Agency (Agency)
[2026-02-28 18:04:35] [18:04:35.203-T1 INFO] Using package source: C:\Projects\ST1-Deployment\ST1_02282026\Appl
[2026-02-28 18:04:35] [18:04:35.204-T2 INFO] Using package source: C:\Projects\ST1-Deployment\ST1_02282026\Public
[2026-02-28 18:04:35] [18:04:35.206-T3 ERROR] Package source not found: C:\Projects\ST1-Deployment\ST1_02282026\Appl-Agency
[2026-02-28 18:04:35] [18:04:35.207-T3 ERROR] Deployment failed for AMS-ST1-Agency: Package source not found: C:\Projects\ST1-Deployment\ST1_02282026\Appl-Agency
[2026-02-28 18:04:36] [18:04:36.301-T1 INFO] Copying package files to C:\WebApps\AMS-ST1-State
[2026-02-28 18:04:36] [18:04:36.302-T2 INFO] Copying package files to C:\WebApps\AMS-ST1-Public
[2026-02-28 18:04:51] [18:04:51.881-T1 INFO] Package copy completed for AMS-ST1-State
[2026-02-28 18:04:51] [18:04:51.882-T1 INFO] Applying 5 configuration rules
[2026-02-28 18:04:53] [18:04:53.002-T2 INFO] Package copy completed for AMS-ST1-Public
[2026-02-28 18:04:53] [18:04:53.003-T2 INFO] Applying 2 configuration rules
[2026-02-28 18:04:55] [18:04:55.201-T1 INFO] Deployment completed for AMS-ST1-State - SUCCESS
[2026-02-28 18:04:55] [18:04:55.202-T2 INFO] Deployment completed for AMS-ST1-Public - SUCCESS

[2026-02-28 18:04:55] === DEPLOYMENT SUMMARY ===
[2026-02-28 18:04:55] Total Items: 7
[2026-02-28 18:04:55] Successful: 2
[2026-02-28 18:04:55] Failed: 1
[2026-02-28 18:04:55] FAILED DEPLOYMENTS:
[2026-02-28 18:04:55]   - AMS-ST1-Agency (Agency)
[2026-02-28 18:04:55]     Error: Package source not found: C:\Projects\ST1-Deployment\ST1_02282026\Appl-Agency
[2026-02-28 18:04:55] [WARNING] Deployment completed with failures - database scripts will not run
[2026-02-28 18:04:55] [WARNING] Resolve deployment failures before proceeding
[2026-02-28 18:04:55] [INFO] Websites remain offline pending manual review
[2026-02-28 18:04:55] DEPLOYMENT HALTED - manual intervention required